<!doctype html>
<html lang="en">
<head>
    <meta charset="UTF-8">
    <meta name="viewport"
          content="width=device-width, user-scalable=no, initial-scale=1.0, maximum-scale=1.0, minimum-scale=1.0">
    <meta http-equiv="X-UA-Compatible" content="ie=edge">
    <title>Retina images</title>
</head>
<body>
<picture>
<source srcset="/img/test_retina.jpg 1x, /img/test_retina@2x.jpg 2x, /img/test_retina@3x.jpg 3x, /img/test_retina@4x.jpg 4x" type="image/jpeg">
<img class="test-class" src="/img/test_retina.jpg" alt="test" />
</picture>
</body>
</html>