<!doctype html>
<html lang="en">
<head>
    <meta charset="UTF-8">
    <meta name="viewport"
          content="width=device-width, initial-scale=1.0">
    <meta http-equiv="X-UA-Compatible" content="ie=edge">
    <title>Webp images</title>
</head>
<body>
<picture>
<source srcset="../img/test.webp" type="image/webp">
<img id="testId" class="test-class" src="../img/test.png" alt="test">
</picture>
<picture>
<source srcset="../img/test.webp" type="image/webp">
<img class="test-class" src="../img/test.png" alt="test" />
</picture>
<picture>
<source srcset="../img/test.webp" type="image/webp">
<img src="../img/test.png" alt="test" class="test-class" />
</picture>
<picture>
<source srcset="../img/test.webp" type="image/webp">
<img class="test-class" src="../img/test.jpg" alt="test" />
</picture>
</body>
</html>